// Jest Snapshot v1, https://goo.gl/fbAQLP

exports[`CharacterDetail component renders character details 1`] = `<DocumentFragment />`;
